-- Semantic and Lexical errors are reported
module T8 where

-- >>> div 3 0
-- divide by zero
