type Cont r a = ((a -> r) -> r)

joinCont :: Show a => (a -> c) -> (b -> c) -> Either a b -> (c -> d) -> d
joinCont = (\ fac fbc eab fcd
   -> case eab of
        (Left a) -> fcd (fac a)
        (Right b) -> fcd (fbc b))
